// Jest Snapshot v1, https://goo.gl/fbAQLP

exports[`App renders snapshot 1`] = `
<div>
  <h1>
    My Hacker Stories
  </h1>
  <form
    onSubmit={[Function]}
  >
    <label
      htmlFor="search"
    >
      <strong>
        Search:
      </strong>
    </label>
    Â 
    <input
      id="search"
      onChange={[Function]}
      type="text"
      value="React"
    />
    <button
      disabled={false}
      type="submit"
    >
      Submit
    </button>
  </form>
  <div
    className="button-container"
  >
    <button
      className="button-active"
      onClick={[Function]}
    >
      Title
      <span>
        ^
      </span>
    </button>
    <button
      className=""
      onClick={[Function]}
    >
      Author
      <span />
    </button>
    <button
      className=""
      onClick={[Function]}
    >
      Points
      <span />
    </button>
    <button
      className=""
      onClick={[Function]}
    >
      Number of Comments
      <span />
    </button>
  </div>
  <hr />
  <p>
    Something went wrong ...
  </p>
  <hr />
</div>
`;
